#include<stdio.h>

int input()
{
  int a;
  printf("enter a number\n");
  scanf("%d",&a);
  return a;
}
int find_sum(int a,int b)
{
  int sum;
  sum=a+b;
  return sum;
}
  void output(int a,int b,int c)
{
  printf("sum of %d + %d is %d\n",a,b,c);
}
int main()
{
  int x,y,z;
  x=input();
  y=input();
  z=find_sum(x,y);
  output(x,y,z);
  return 0;
~/test-1-1$ gcc -g p1original.c
~/test-1-1$ gdb a.out
GNU gdb (Ubuntu 8.1.1-0ubuntu1) 8.1.1
Copyright (C) 2018 Free Software Foundation, Inc.
License GPLv3+: GNU GPL version 3 or later <http://gnu.org/licenses/gpl.html>
This is free software: you are free to change and redistribute it.
There is NO WARRANTY, to the extent permitted by law.  Type "show copying"
and "show warranty" for details.
This GDB was configured as "x86_64-linux-gnu".
Type "show configuration" for configuration details.
For bug reporting instructions, please see:
<http://www.gnu.org/software/gdb/bugs/>.
Find the GDB manual and other documentation resources online at:
<http://www.gnu.org/software/gdb/documentation/>.
For help, type "help".
Type "apropos word" to search for commands related to "word"...
Reading symbols from a.out...done.
(gdb) b main
Breakpoint 1 at 0x810: file p1original.c, line 23.
(gdb) r
Starting program: /home/runner/test-1-1/a.out 
warning: Error disabling address space randomization: Operation not permitted

Breakpoint 1, main () at p1original.c:23
23    x=input();
(gdb) n
enter a number
s
24    y=input();
(gdb) c
Continuing.
enter a number
sum of 32599 + 32599 is 65198
[Inferior 1 (process 58) exited normally]
(gdb) q
~/test-1-1$ 



