#include<stdio.h>
float large(float a,float b,float c)
{
  if(a>=b && a>=c) return a;
  else if(b>=a && b>=c) return b;
  else return c;
}
int main()
{
   float num1,num2,num3,largest;            
   printf("enter three numbers: ");
   scanf("%f %f %f",&num1, &num2, &num3);
   largest=large(num1,num2,num3);
   printf("largest number =%.2f",largest);
   return 0;
}  GNU bash, version 4.4.20(1)-release (x86_64-pc-linux-gnu)
gcc -g p5original.c
îº§ gdb a.out
GNU gdb (Ubuntu 8.1.1-0ubuntu1) 8.1.1
Copyright (C) 2018 Free Software Foundation, Inc.
License GPLv3+: GNU GPL version 3 or later <http://gnu.org/licenses/gpl.html>
This is free software: you are free to change and redistribute it.
There is NO WARRANTY, to the extent permitted by law.  Type "show copying"
and "show warranty" for details.
This GDB was configured as "x86_64-linux-gnu".
Type "show configuration" for configuration details.
For bug reporting instructions, please see:
<http://www.gnu.org/software/gdb/bugs/>.
Find the GDB manual and other documentation resources online at:
<http://www.gnu.org/software/gdb/documentation/>.
For help, type "help".
Type "apropos word" to search for commands related to "word"...
Reading symbols from a.out...done.
(gdb) b main
Breakpoint 1 at 0x776: file p5original.c, line 9.
(gdb) r
Starting program: /home/runner/test-1-1/a.out 
warning: Error disabling address space randomization: Operation not permitted

Breakpoint 1, main () at p5original.c:9
9   {
(gdb) n
11     printf("enter three numbers: ");
(gdb) s
__printf (format=0x5638a2a00894 "enter three numbers: ") at printf.c:28
28  printf.c: No such file or directory.
(gdb) s
32  in printf.c
(gdb) s
33  in printf.c
(gdb) c
Continuing.
enter three numbers: 45 85 65 
largest number =85.00[Inferior 1 (process 140) exited normally]
(gdb) c